Design Assistant report for Project
Tue Mar 28 00:39:38 2017
Quartus II 64-Bit Version 14.0.0 Build 200 06/17/2014 SJ Web Edition


---------------------
; Table of Contents ;
---------------------
  1. Legal Notice
  2. Design Assistant Summary
  3. Design Assistant Settings
  4. Critical Violations
  5. Information only Violations
  6. Design Assistant Messages



----------------
; Legal Notice ;
----------------
Copyright (C) 1991-2014 Altera Corporation. All rights reserved.
Your use of Altera Corporation's design tools, logic functions 
and other software and tools, and its AMPP partner logic 
functions, and any output files from any of the foregoing 
(including device programming or simulation files), and any 
associated documentation or information are expressly subject 
to the terms and conditions of the Altera Program License 
Subscription Agreement, the Altera Quartus II License Agreement,
the Altera MegaCore Function License Agreement, or other 
applicable license agreement, including, without limitation, 
that your use is for the sole purpose of programming logic 
devices manufactured by Altera and sold by Altera or its 
authorized distributors.  Please refer to the applicable 
agreement for further details.



+-------------------------------------------------------------------------+
; Design Assistant Summary                                                ;
+-----------------------------------+-------------------------------------+
; Design Assistant Status           ; Analyzed - Tue Mar 28 00:39:38 2017 ;
; Revision Name                     ; Project                             ;
; Top-level Entity Name             ; Project                             ;
; Family                            ; Cyclone V                           ;
; Total Critical Violations         ; 1                                   ;
; - Rule A101                       ; 1                                   ;
; Total High Violations             ; 0                                   ;
; Total Medium Violations           ; 0                                   ;
; Total Information only Violations ; 62                                  ;
; - Rule T101                       ; 12                                  ;
; - Rule T102                       ; 50                                  ;
+-----------------------------------+-------------------------------------+


+-------------------------------------------------------------------------------------------------------------------------------------------------------------------------------------------------------------------------------------------------------------------------------------------------------------------------------------------------------------------------------------------------------------------------------------------------+
; Design Assistant Settings                                                                                                                                                                                                                                                                                                                                                                                                                       ;
+-----------------------------------------------------------------------------------------------------------------------------------------------------------------------------------------------------------------------------------------------------------------------------------------------------------------------------------------------------------------------------------------------------------------------------+--------------+----+
; Option                                                                                                                                                                                                                                                                                                                                                                                                                      ; Setting      ; To ;
+-----------------------------------------------------------------------------------------------------------------------------------------------------------------------------------------------------------------------------------------------------------------------------------------------------------------------------------------------------------------------------------------------------------------------------+--------------+----+
; Design Assistant mode                                                                                                                                                                                                                                                                                                                                                                                                       ; Post-Fitting ;    ;
; Threshold value for clock net not mapped to clock spines rule                                                                                                                                                                                                                                                                                                                                                               ; 25           ;    ;
; Minimum number of clock port feed by gated clocks                                                                                                                                                                                                                                                                                                                                                                           ; 30           ;    ;
; Minimum number of node fan-out                                                                                                                                                                                                                                                                                                                                                                                              ; 30           ;    ;
; Maximum number of nodes to report                                                                                                                                                                                                                                                                                                                                                                                           ; 50           ;    ;
; Rule C101: Gated clock should be implemented according to the Altera standard scheme                                                                                                                                                                                                                                                                                                                                        ; On           ;    ;
; Rule C102: Logic cell should not be used to generate an inverted clock signal                                                                                                                                                                                                                                                                                                                                               ; On           ;    ;
; Rule C103: Gated clock does not feed at least a pre-defined number of clock ports to effectively save power                                                                                                                                                                                                                                                                                                                 ; On           ;    ;
; Rule C104: Clock signal source should drive only clock input ports                                                                                                                                                                                                                                                                                                                                                          ; On           ;    ;
; Rule C105: Clock signal should be a global signal (You set a Design Assistant configuration rule to check for clocks with a certain number of fanouts. You specified a reporting threshold of <number> fanouts. The following clocks all contain more than <number> fanouts. You can either adjust the reporting threshold in the Design Assistant Settings page, or change the following clock signals to global signals.) ; On           ;    ;
; Rule C106: Clock signal source should not drive registers triggered by different clock edges                                                                                                                                                                                                                                                                                                                                ; On           ;    ;
; Rule R101: Combinational logic used as a reset signal should be synchronized                                                                                                                                                                                                                                                                                                                                                ; On           ;    ;
; Rule R102: External reset signals should be synchronized using two cascaded registers                                                                                                                                                                                                                                                                                                                                       ; On           ;    ;
; Rule R103: External reset signal should be correctly synchronized                                                                                                                                                                                                                                                                                                                                                           ; On           ;    ;
; Rule R104: The reset signal that is generated in one clock domain and used in another clock domain should be correctly synchronized                                                                                                                                                                                                                                                                                         ; On           ;    ;
; Rule R105: The reset signal that is generated in one clock domain and used in another clock domain should be synchronized                                                                                                                                                                                                                                                                                                   ; On           ;    ;
; Rule T101: Nodes with more than the specified number of fan-outs                                                                                                                                                                                                                                                                                                                                                            ; On           ;    ;
; Rule T102: Top nodes with the highest number of fan-outs                                                                                                                                                                                                                                                                                                                                                                    ; On           ;    ;
; Rule A101: Design should not contain combinational loops                                                                                                                                                                                                                                                                                                                                                                    ; On           ;    ;
; Rule A102: Register output should not drive its own control signal directly or through combinational logic                                                                                                                                                                                                                                                                                                                  ; On           ;    ;
; Rule A103: Design should not contain delay chains                                                                                                                                                                                                                                                                                                                                                                           ; On           ;    ;
; Rule A104: Design should not contain ripple clock structures                                                                                                                                                                                                                                                                                                                                                                ; On           ;    ;
; Rule A105: Pulses should not be implemented asynchronously                                                                                                                                                                                                                                                                                                                                                                  ; On           ;    ;
; Rule A106: Multiple pulses should not be generated in design                                                                                                                                                                                                                                                                                                                                                                ; On           ;    ;
; Rule A107: Design should not contain SR latches                                                                                                                                                                                                                                                                                                                                                                             ; On           ;    ;
; Rule A108: Design should not contain latches                                                                                                                                                                                                                                                                                                                                                                                ; On           ;    ;
; Rule S101: Output enable and input of the same tri-state node should not be driven by same signal source                                                                                                                                                                                                                                                                                                                    ; On           ;    ;
; Rule S102: Synchronous port and asynchronous port of the same register should not be driven by the same signal source                                                                                                                                                                                                                                                                                                       ; On           ;    ;
; Rule S103: More than one asynchronous port of a register should not be driven by the same signal source                                                                                                                                                                                                                                                                                                                     ; On           ;    ;
; Rule S104: Clock port and any other port of a register should not be driven by the same signal source                                                                                                                                                                                                                                                                                                                       ; On           ;    ;
; Rule D101: Data bits are not synchronized when transferred between asynchronous clock domains                                                                                                                                                                                                                                                                                                                               ; On           ;    ;
; Rule D102: Multiple data bits that are transferred across asynchronous clock domains are synchronized, but not all bits may be aligned in the receiving clock domain                                                                                                                                                                                                                                                        ; On           ;    ;
; Rule D103: Data bits are not correctly synchronized when transferred between asynchronous clock domains                                                                                                                                                                                                                                                                                                                     ; On           ;    ;
; Rule M101: Data bits are not synchronized when transferred to the state machine of asynchronous clock domains                                                                                                                                                                                                                                                                                                               ; Off          ;    ;
; Rule M102: No reset signal defined to initialize the state machine                                                                                                                                                                                                                                                                                                                                                          ; Off          ;    ;
; Rule M103: State machine should not contain an unreachable state                                                                                                                                                                                                                                                                                                                                                            ; Off          ;    ;
; Rule M104: State machine should not contain a deadlock state                                                                                                                                                                                                                                                                                                                                                                ; Off          ;    ;
; Rule M105: State machine should not contain a dead transition                                                                                                                                                                                                                                                                                                                                                               ; Off          ;    ;
+-----------------------------------------------------------------------------------------------------------------------------------------------------------------------------------------------------------------------------------------------------------------------------------------------------------------------------------------------------------------------------------------------------------------------------+--------------+----+


+-------------------------------------------------------------------------------------------+
; Critical Violations                                                                       ;
+---------------------------------------------------------------------------------+---------+
; Rule name                                                                       ; Name    ;
+---------------------------------------------------------------------------------+---------+
; Rule A101: Design should not contain combinational loops - Combinational loop 1 ;         ;
;  Combinational loop 1                                                           ; stall~3 ;
;  Combinational loop 1                                                           ; stall~1 ;
;  Combinational loop 1                                                           ; stall~0 ;
+---------------------------------------------------------------------------------+---------+


+---------------------------------------------------------------------------------------------------+
; Information only Violations                                                                       ;
+------------------------------------------------------------------+----------------------+---------+
; Rule name                                                        ; Name                 ; Fan-Out ;
+------------------------------------------------------------------+----------------------+---------+
; Rule T101: Nodes with more than the specified number of fan-outs ; KEY[0]~inputCLKENA0  ; 299     ;
; Rule T101: Nodes with more than the specified number of fan-outs ; Decoder3~2           ; 32      ;
; Rule T101: Nodes with more than the specified number of fan-outs ; stall~3              ; 52      ;
; Rule T101: Nodes with more than the specified number of fan-outs ; imem~1               ; 78      ;
; Rule T101: Nodes with more than the specified number of fan-outs ; PC[5]                ; 42      ;
; Rule T101: Nodes with more than the specified number of fan-outs ; imem~2               ; 78      ;
; Rule T101: Nodes with more than the specified number of fan-outs ; imem~4               ; 34      ;
; Rule T101: Nodes with more than the specified number of fan-outs ; imem~5               ; 67      ;
; Rule T101: Nodes with more than the specified number of fan-outs ; alufunc_A[5]         ; 35      ;
; Rule T101: Nodes with more than the specified number of fan-outs ; Decoder3~1           ; 32      ;
; Rule T101: Nodes with more than the specified number of fan-outs ; Decoder3~0           ; 32      ;
; Rule T101: Nodes with more than the specified number of fan-outs ; imem~8               ; 32      ;
; Rule T102: Top nodes with the highest number of fan-outs         ; KEY[0]~inputCLKENA0  ; 299     ;
; Rule T102: Top nodes with the highest number of fan-outs         ; imem~1               ; 78      ;
; Rule T102: Top nodes with the highest number of fan-outs         ; imem~2               ; 78      ;
; Rule T102: Top nodes with the highest number of fan-outs         ; imem~5               ; 67      ;
; Rule T102: Top nodes with the highest number of fan-outs         ; stall~3              ; 52      ;
; Rule T102: Top nodes with the highest number of fan-outs         ; PC[5]                ; 42      ;
; Rule T102: Top nodes with the highest number of fan-outs         ; alufunc_A[5]         ; 35      ;
; Rule T102: Top nodes with the highest number of fan-outs         ; imem~4               ; 34      ;
; Rule T102: Top nodes with the highest number of fan-outs         ; imem~8               ; 32      ;
; Rule T102: Top nodes with the highest number of fan-outs         ; Decoder3~2           ; 32      ;
; Rule T102: Top nodes with the highest number of fan-outs         ; Decoder3~0           ; 32      ;
; Rule T102: Top nodes with the highest number of fan-outs         ; Decoder3~1           ; 32      ;
; Rule T102: Top nodes with the highest number of fan-outs         ; always6~6            ; 29      ;
; Rule T102: Top nodes with the highest number of fan-outs         ; imem~9               ; 17      ;
; Rule T102: Top nodes with the highest number of fan-outs         ; imem~3               ; 8       ;
; Rule T102: Top nodes with the highest number of fan-outs         ; HEXout[13]           ; 7       ;
; Rule T102: Top nodes with the highest number of fan-outs         ; HEXout[12]           ; 7       ;
; Rule T102: Top nodes with the highest number of fan-outs         ; HEXout[6]            ; 7       ;
; Rule T102: Top nodes with the highest number of fan-outs         ; HEXout[9]            ; 7       ;
; Rule T102: Top nodes with the highest number of fan-outs         ; HEXout[8]            ; 7       ;
; Rule T102: Top nodes with the highest number of fan-outs         ; HEXout[7]            ; 7       ;
; Rule T102: Top nodes with the highest number of fan-outs         ; HEXout[0]            ; 7       ;
; Rule T102: Top nodes with the highest number of fan-outs         ; HEXout[5]            ; 7       ;
; Rule T102: Top nodes with the highest number of fan-outs         ; HEXout[4]            ; 7       ;
; Rule T102: Top nodes with the highest number of fan-outs         ; HEXout[3]            ; 7       ;
; Rule T102: Top nodes with the highest number of fan-outs         ; HEXout[2]            ; 7       ;
; Rule T102: Top nodes with the highest number of fan-outs         ; HEXout[22]           ; 7       ;
; Rule T102: Top nodes with the highest number of fan-outs         ; HEXout[20]           ; 7       ;
; Rule T102: Top nodes with the highest number of fan-outs         ; HEXout[1]            ; 7       ;
; Rule T102: Top nodes with the highest number of fan-outs         ; HEXout[17]           ; 7       ;
; Rule T102: Top nodes with the highest number of fan-outs         ; HEXout[16]           ; 7       ;
; Rule T102: Top nodes with the highest number of fan-outs         ; HEXout[15]           ; 7       ;
; Rule T102: Top nodes with the highest number of fan-outs         ; HEXout[14]           ; 7       ;
; Rule T102: Top nodes with the highest number of fan-outs         ; HEXout[23]           ; 7       ;
; Rule T102: Top nodes with the highest number of fan-outs         ; imem~0               ; 6       ;
; Rule T102: Top nodes with the highest number of fan-outs         ; HEXout[21]~DUPLICATE ; 6       ;
; Rule T102: Top nodes with the highest number of fan-outs         ; PC[2]                ; 6       ;
; Rule T102: Top nodes with the highest number of fan-outs         ; imem~6               ; 6       ;
; Rule T102: Top nodes with the highest number of fan-outs         ; PC[4]                ; 5       ;
; Rule T102: Top nodes with the highest number of fan-outs         ; isnop_M              ; 5       ;
; Rule T102: Top nodes with the highest number of fan-outs         ; PC[3]                ; 5       ;
; Rule T102: Top nodes with the highest number of fan-outs         ; HEXout[11]           ; 5       ;
; Rule T102: Top nodes with the highest number of fan-outs         ; memaddr_M[20]        ; 4       ;
; Rule T102: Top nodes with the highest number of fan-outs         ; memaddr_M[31]        ; 4       ;
; Rule T102: Top nodes with the highest number of fan-outs         ; memaddr_M[1]         ; 4       ;
; Rule T102: Top nodes with the highest number of fan-outs         ; memaddr_M[8]         ; 4       ;
; Rule T102: Top nodes with the highest number of fan-outs         ; memaddr_M[21]        ; 4       ;
; Rule T102: Top nodes with the highest number of fan-outs         ; memaddr_M[27]        ; 4       ;
; Rule T102: Top nodes with the highest number of fan-outs         ; memaddr_M[17]        ; 4       ;
; Rule T102: Top nodes with the highest number of fan-outs         ; memaddr_M[11]        ; 4       ;
+------------------------------------------------------------------+----------------------+---------+


+---------------------------+
; Design Assistant Messages ;
+---------------------------+
Info: *******************************************************************
Info: Running Quartus II 64-Bit Design Assistant
    Info: Version 14.0.0 Build 200 06/17/2014 SJ Web Edition
    Info: Processing started: Tue Mar 28 00:39:37 2017
Info: Command: quartus_drc --read_settings_files=off --write_settings_files=off Project -c Project
Info (332104): Reading SDC File: 'Project.sdc'
Info (332110): Deriving PLL clocks
    Info (332110): create_generated_clock -source {myPll|pll_inst|altera_pll_i|general[0].gpll~FRACTIONAL_PLL|refclkin} -divide_by 2 -multiply_by 12 -duty_cycle 50.00 -name {myPll|pll_inst|altera_pll_i|general[0].gpll~FRACTIONAL_PLL|vcoph[0]} {myPll|pll_inst|altera_pll_i|general[0].gpll~FRACTIONAL_PLL|vcoph[0]}
Info (332151): Clock uncertainty is not calculated until you update the timing netlist.
Warning (332174): Ignored filter at Project.sdc(13): *clk could not be matched with a clock
Warning (332049): Ignored set_input_delay at Project.sdc(13): Argument -clock is an empty collection
    Info (332050): set_input_delay -clock [get_clocks *clk] -max 3 [all_inputs]
Warning (332049): Ignored set_input_delay at Project.sdc(15): Argument -clock is an empty collection
    Info (332050): set_input_delay -clock [get_clocks *clk] -min 2 [all_inputs]
Warning (332049): Ignored set_output_delay at Project.sdc(19): Argument -clock is an empty collection
    Info (332050): set_output_delay -clock [get_clocks *clk] 0 [all_outputs]
Warning (332125): Found combinational loop of 7 nodes
    Warning (332126): Node "stall~3|combout"
    Warning (332126): Node "stall~0|datae"
    Warning (332126): Node "stall~0|combout"
    Warning (332126): Node "stall~3|datac"
    Warning (332126): Node "stall~1|datae"
    Warning (332126): Node "stall~1|combout"
    Warning (332126): Node "stall~3|datad"
Warning (332060): Node: KEY[0] was determined to be a clock but was found without an associated clock assignment.
    Info (13166): Register memaddr_M[31] is being clocked by KEY[0]
Info (332097): The following timing edges are non-unate.  TimeQuest will assume pos-unate behavior for these edges in the clock network.
    Info (332098): Cell: myPll|pll_inst|altera_pll_i|general[0].gpll~FRACTIONAL_PLL  from: refclkin  to: fbclk
    Info (332098): Cell: myPll|pll_inst|altera_pll_i|general[0].gpll~PLL_REFCLK_SELECT  from: clkin[0]  to: clkout
Info (332154): The derive_clock_uncertainty command did not apply clock uncertainty to any clock-to-clock transfers.
Critical Warning (308037): (Critical) Rule A101: Design should not contain combinational loops. Found 1 combinational loop(s) related to this rule.
    Critical Warning (308012): Node  "stall~3"
Info (308046): (Information) Rule T101: Nodes with more than the specified number of fan-outs. (Value defined:30). Found 12 node(s) with highest fan-out.
    Info (308011): Node  "KEY[0]~inputCLKENA0"
    Info (308011): Node  "Decoder3~2"
    Info (308011): Node  "stall~3"
    Info (308011): Node  "imem~1"
    Info (308011): Node  "PC[5]"
    Info (308011): Node  "imem~2"
    Info (308011): Node  "imem~4"
    Info (308011): Node  "imem~5"
    Info (308011): Node  "alufunc_A[5]"
    Info (308011): Node  "Decoder3~1"
    Info (308011): Node  "Decoder3~0"
    Info (308011): Node  "imem~8"
Info (308044): (Information) Rule T102: Top nodes with the highest number of fan-outs. (Value defined:50). Found 50 node(s) with highest fan-out.
    Info (308011): Node  "KEY[0]~inputCLKENA0"
    Info (308011): Node  "imem~1"
    Info (308011): Node  "imem~2"
    Info (308011): Node  "imem~5"
    Info (308011): Node  "stall~3"
    Info (308011): Node  "PC[5]"
    Info (308011): Node  "alufunc_A[5]"
    Info (308011): Node  "imem~4"
    Info (308011): Node  "imem~8"
    Info (308011): Node  "Decoder3~2"
    Info (308011): Node  "Decoder3~0"
    Info (308011): Node  "Decoder3~1"
    Info (308011): Node  "always6~6"
    Info (308011): Node  "imem~9"
    Info (308011): Node  "imem~3"
    Info (308011): Node  "HEXout[13]"
    Info (308011): Node  "HEXout[12]"
    Info (308011): Node  "HEXout[6]"
    Info (308011): Node  "HEXout[9]"
    Info (308011): Node  "HEXout[8]"
    Info (308011): Node  "HEXout[7]"
    Info (308011): Node  "HEXout[0]"
    Info (308011): Node  "HEXout[5]"
    Info (308011): Node  "HEXout[4]"
    Info (308011): Node  "HEXout[3]"
    Info (308011): Node  "HEXout[2]"
    Info (308011): Node  "HEXout[22]"
    Info (308011): Node  "HEXout[20]"
    Info (308011): Node  "HEXout[1]"
    Info (308011): Node  "HEXout[17]"
    Info (308002): Truncated list of Design Assistant messages to 30 messages. Go to sections under Design Assistant section of Compilation Report for complete lists of Design Assistant messages generated.
Info (308007): Design Assistant information: finished post-fitting analysis of current design -- generated 62 information messages and 1 warning messages
Info: Quartus II 64-Bit Design Assistant was successful. 0 errors, 15 warnings
    Info: Peak virtual memory: 556 megabytes
    Info: Processing ended: Tue Mar 28 00:39:38 2017
    Info: Elapsed time: 00:00:01
    Info: Total CPU time (on all processors): 00:00:01


